// Jest Snapshot v1, https://goo.gl/fbAQLP

exports[`Testing Details component ->  Should render without crashing (unified mode) 1`] = `
<div>
  <div
    class="sub-header"
  >
    <ul>
      <li>
        <h4>
          Risk Factors List
        </h4>
      </li>
      <li>
        <button
          class="view-full active"
          disabled=""
          type="button"
        >
          <svg
            fill="none"
            height="16"
            viewBox="0 0 24 16"
            width="24"
          >
            <path
              d="M0 2C0 0.895431 0.895431 0 2 0H22C23.1046 0 24 0.895431 24 2V14C24 15.1046 23.1046 16 22 16H2C0.89543 16 0 15.1046 0 14V2Z"
              fill="#E0E0E0"
              opacity="0.7"
            />
          </svg>
        </button>
        <button
          class="view-split "
          type="button"
        >
          <svg
            fill="none"
            height="16"
            viewBox="0 0 28 16"
            width="28"
          >
            <path
              d="M0 2C0 0.895431 0.895431 0 2 0H9C10.1046 0 11 0.895431 11 2V14C11 15.1046 10.1046 16 9 16H2C0.895431 16 0 15.1046 0 14V2Z"
              fill="#E0E0E0"
            />
            <path
              d="M13 1C13 0.447715 13.4477 0 14 0C14.5523 0 15 0.447715 15 1V15C15 15.5523 14.5523 16 14 16C13.4477 16 13 15.5523 13 15V1Z"
              fill="#E0E0E0"
            />
            <path
              d="M17 2C17 0.895431 17.8954 0 19 0H26C27.1046 0 28 0.895431 28 2V14C28 15.1046 27.1046 16 26 16H19C17.8954 16 17 15.1046 17 14V2Z"
              fill="#E0E0E0"
            />
          </svg>
        </button>
      </li>
    </ul>
  </div>
  <div
    class="component-wrapper no-shadow"
  >
    <div
      class="dash-wrapper  "
    >
      <div
        class="dash-body"
      >
        <div>
          <header
            class="dash-header"
          >
            <ul
              class="dash-controls"
            >
              <li>
                <div
                  class="search-wrapper"
                >
                  <div
                    aria-expanded="false"
                    class="MuiAutocomplete-root MuiAutocomplete-hasClearIcon MuiAutocomplete-hasPopupIcon"
                    role="combobox"
                  >
                    <div>
                      <input
                        aria-autocomplete="list"
                        autocapitalize="none"
                        autocomplete="off"
                        class="MuiAutocomplete-input MuiAutocomplete-inputFocused"
                        id="highlights-demo"
                        placeholder="Search feature"
                        spellcheck="false"
                        type="text"
                        value=""
                      />
                    </div>
                  </div>
                </div>
              </li>
              <li
                class="sep"
              />
              <li>
                <div
                  class="sibyl-select css-2b097c-container"
                >
                  <div
                    class="sibyl-select__control css-yk16xz-control"
                  >
                    <div
                      class="sibyl-select__value-container sibyl-select__value-container--is-multi css-g1d714-ValueContainer"
                    >
                      <div
                        class="sibyl-select__placeholder css-1wa3eu0-placeholder"
                      >
                        Category
                      </div>
                      <input
                        aria-autocomplete="list"
                        class="css-62g3xt-dummyInput"
                        id="react-select-2-input"
                        readonly=""
                        tabindex="0"
                        value=""
                      />
                    </div>
                    <div
                      class="sibyl-select__indicators css-1hb7zxy-IndicatorsContainer"
                    >
                      <span
                        class="sibyl-select__indicator-separator css-1okebmr-indicatorSeparator"
                      />
                      <div
                        aria-hidden="true"
                        class="sibyl-select__indicator sibyl-select__dropdown-indicator css-tlfecz-indicatorContainer"
                      >
                        <svg
                          aria-hidden="true"
                          class="css-6q0nyr-Svg"
                          focusable="false"
                          height="20"
                          viewBox="0 0 20 20"
                          width="20"
                        >
                          <path
                            d="M4.516 7.548c0.436-0.446 1.043-0.481 1.576 0l3.908 3.747 3.908-3.747c0.533-0.481 1.141-0.446 1.574 0 0.436 0.445 0.408 1.197 0 1.615-0.406 0.418-4.695 4.502-4.695 4.502-0.217 0.223-0.502 0.335-0.787 0.335s-0.57-0.112-0.789-0.335c0 0-4.287-4.084-4.695-4.502s-0.436-1.17 0-1.615z"
                          />
                        </svg>
                      </div>
                    </div>
                  </div>
                </div>
              </li>
              <li>
                <div
                  class="sibyl-select css-2b097c-container"
                >
                  <div
                    class="sibyl-select__control css-yk16xz-control"
                  >
                    <div
                      class="sibyl-select__value-container css-g1d714-ValueContainer"
                    >
                      <div
                        class="sibyl-select__placeholder css-1wa3eu0-placeholder"
                      >
                        All Values
                      </div>
                      <input
                        aria-autocomplete="list"
                        class="css-62g3xt-dummyInput"
                        id="react-select-3-input"
                        readonly=""
                        tabindex="0"
                        value=""
                      />
                    </div>
                    <div
                      class="sibyl-select__indicators css-1hb7zxy-IndicatorsContainer"
                    >
                      <span
                        class="sibyl-select__indicator-separator css-1okebmr-indicatorSeparator"
                      />
                      <div
                        aria-hidden="true"
                        class="sibyl-select__indicator sibyl-select__dropdown-indicator css-tlfecz-indicatorContainer"
                      >
                        <svg
                          aria-hidden="true"
                          class="css-6q0nyr-Svg"
                          focusable="false"
                          height="20"
                          viewBox="0 0 20 20"
                          width="20"
                        >
                          <path
                            d="M4.516 7.548c0.436-0.446 1.043-0.481 1.576 0l3.908 3.747 3.908-3.747c0.533-0.481 1.141-0.446 1.574 0 0.436 0.445 0.408 1.197 0 1.615-0.406 0.418-4.695 4.502-4.695 4.502-0.217 0.223-0.502 0.335-0.787 0.335s-0.57-0.112-0.789-0.335c0 0-4.287-4.084-4.695-4.502s-0.436-1.17 0-1.615z"
                          />
                        </svg>
                      </div>
                    </div>
                  </div>
                </div>
              </li>
              <li>
                <div
                  class="sibyl-select css-2b097c-container"
                >
                  <div
                    class="sibyl-select__control css-yk16xz-control"
                  >
                    <div
                      class="sibyl-select__value-container css-g1d714-ValueContainer"
                    >
                      <div
                        class="sibyl-select__placeholder css-1wa3eu0-placeholder"
                      >
                        Contribution
                      </div>
                      <input
                        aria-autocomplete="list"
                        class="css-62g3xt-dummyInput"
                        id="react-select-4-input"
                        readonly=""
                        tabindex="0"
                        value=""
                      />
                    </div>
                    <div
                      class="sibyl-select__indicators css-1hb7zxy-IndicatorsContainer"
                    >
                      <span
                        class="sibyl-select__indicator-separator css-1okebmr-indicatorSeparator"
                      />
                      <div
                        aria-hidden="true"
                        class="sibyl-select__indicator sibyl-select__dropdown-indicator css-tlfecz-indicatorContainer"
                      >
                        <svg
                          aria-hidden="true"
                          class="css-6q0nyr-Svg"
                          focusable="false"
                          height="20"
                          viewBox="0 0 20 20"
                          width="20"
                        >
                          <path
                            d="M4.516 7.548c0.436-0.446 1.043-0.481 1.576 0l3.908 3.747 3.908-3.747c0.533-0.481 1.141-0.446 1.574 0 0.436 0.445 0.408 1.197 0 1.615-0.406 0.418-4.695 4.502-4.695 4.502-0.217 0.223-0.502 0.335-0.787 0.335s-0.57-0.112-0.789-0.335c0 0-4.287-4.084-4.695-4.502s-0.436-1.17 0-1.615z"
                          />
                        </svg>
                      </div>
                    </div>
                  </div>
                </div>
              </li>
            </ul>
          </header>
          <div
            class="sticky-wrapper scroll-style"
            style="max-height:600px"
          >
            <table
              class="dash-table sticky-header"
            >
              <thead>
                <tr>
                  <th
                    class="align-center"
                  >
                    Category
                  </th>
                  <th>
                    Feature
                  </th>
                  <th
                    class="align-right"
                  >
                    Value
                  </th>
                  <th
                    class="align-center"
                    width="15%"
                  >
                    <ul
                      class="sort"
                    >
                      <li>
                        Contribution
                      </li>
                      <li>
                        <button
                          type="button"
                        >
                          <svg
                            height="18"
                            viewBox="0 0 10 18"
                            width="10"
                          >
                            <path
                              d="M4.99965 2.83021L7.45965 5.29021C7.84965 5.68021 8.47965 5.68021 8.86965 5.29021C9.25965 4.90021 9.25965 4.27022 8.86965 3.88021L5.69965 0.700215C5.30965 0.310215 4.67965 0.310215 4.28965 0.700215L1.11965 3.88021C0.729648 4.27022 0.729648 4.90021 1.11965 5.29021C1.50965 5.68021 2.13965 5.68021 2.52965 5.29021L4.99965 2.83021ZM4.99965 15.1702L2.53965 12.7102C2.14965 12.3202 1.51965 12.3202 1.12965 12.7102C0.739649 13.1002 0.739649 13.7302 1.12965 14.1202L4.29965 17.3002C4.68965 17.6902 5.31965 17.6902 5.70965 17.3002L8.87965 14.1302C9.26965 13.7402 9.26965 13.1102 8.87965 12.7202C8.48965 12.3302 7.85965 12.3302 7.46965 12.7202L4.99965 15.1702Z"
                              fill="#828282"
                            />
                          </svg>
                        </button>
                      </li>
                    </ul>
                  </th>
                </tr>
              </thead>
              <tbody>
                <tr>
                  <td
                    class="align-center"
                  >
                    <i
                      class="bullet red"
                    />
                  </td>
                  <td>
                    child in focus was receiving County Diversion (CD) benefits at time of referral.
                  </td>
                  <td
                    class="align-right"
                  >
                    False
                  </td>
                  <td
                    class="align-center"
                    width="145"
                  >
                    <svg
                      class="bidi-progress-bar"
                      height="18"
                      width="110"
                    >
                      <rect
                        fill="rgba(189, 189, 189, 0.5)"
                        height="8"
                        rx="4"
                        width="110"
                        y="4"
                      />
                      <path
                        class="bar-negative"
                        d="M 55, 4
            h  0
            a  0,  0 0 0 1 0, 0
            v  8
            a  0, 0 0 0 1 -0, 0
            h  0
            z"
                      />
                      <rect
                        class="separator"
                        fill="#BDBDBD"
                        height="8"
                        rx="1"
                        ry="1"
                        width="2"
                        x="55"
                      />
                    </svg>
                  </td>
                </tr>
                <tr>
                  <td
                    class="align-center"
                  >
                    <i
                      class="bullet red"
                    />
                  </td>
                  <td>
                    child in focus received County Diversion (CD) benefits in the 1 year prior to referral, excl. clients who are actively receiving the service.
                  </td>
                  <td
                    class="align-right"
                  >
                    False
                  </td>
                  <td
                    class="align-center"
                    width="145"
                  >
                    <svg
                      class="bidi-progress-bar"
                      height="18"
                      width="110"
                    >
                      <rect
                        fill="rgba(189, 189, 189, 0.5)"
                        height="8"
                        rx="4"
                        width="110"
                        y="4"
                      />
                      <path
                        class="bar-negative"
                        d="M 55, 4
            h  0
            a  0,  0 0 0 1 0, 0
            v  8
            a  0, 0 0 0 1 -0, 0
            h  0
            z"
                      />
                      <rect
                        class="separator"
                        fill="#BDBDBD"
                        height="8"
                        rx="1"
                        ry="1"
                        width="2"
                        x="55"
                      />
                    </svg>
                  </td>
                </tr>
              </tbody>
            </table>
          </div>
        </div>
      </div>
    </div>
  </div>
</div>
`;
