// Jest Snapshot v1, https://goo.gl/fbAQLP

exports[`Testing Details component ->  Should render without crashing 1`] = `
<div>
  <div
    class="sub-header"
  >
    <ul>
      <li
        class="search-field-holder"
      >
        <h4>
          Factor Contributions
        </h4>
      </li>
      <li>
        <button
          class="view-full active"
          type="button"
        >
          <svg
            fill="none"
            height="16"
            viewBox="0 0 24 16"
            width="24"
          >
            <path
              d="M0 2C0 0.895431 0.895431 0 2 0H22C23.1046 0 24 0.895431 24 2V14C24 15.1046 23.1046 16 22 16H2C0.89543 16 0 15.1046 0 14V2Z"
              fill="#E0E0E0"
              opacity="0.7"
            />
          </svg>
        </button>
        <button
          class="view-split "
          type="button"
        >
          <svg
            fill="none"
            height="16"
            viewBox="0 0 28 16"
            width="28"
          >
            <path
              d="M0 2C0 0.895431 0.895431 0 2 0H9C10.1046 0 11 0.895431 11 2V14C11 15.1046 10.1046 16 9 16H2C0.895431 16 0 15.1046 0 14V2Z"
              fill="#E0E0E0"
            />
            <path
              d="M13 1C13 0.447715 13.4477 0 14 0C14.5523 0 15 0.447715 15 1V15C15 15.5523 14.5523 16 14 16C13.4477 16 13 15.5523 13 15V1Z"
              fill="#E0E0E0"
            />
            <path
              d="M17 2C17 0.895431 17.8954 0 19 0H26C27.1046 0 28 0.895431 28 2V14C28 15.1046 27.1046 16 26 16H19C17.8954 16 17 15.1046 17 14V2Z"
              fill="#E0E0E0"
            />
          </svg>
        </button>
      </li>
    </ul>
  </div>
  <div
    class="component-wrapper no-shadow"
  >
    <div
      class="dash-wrapper  "
    >
      <div
        class="dash-body"
      >
        <div>
          <header
            class="dash-header"
          >
            <ul
              class="dash-controls"
            >
              <li>
                <div
                  class="search-field disabled-true"
                >
                  <ul>
                    <li>
                      <input
                        disabled=""
                        placeholder="Search feature"
                        type="text"
                        value=""
                      />
                    </li>
                    <li
                      class=""
                    >
                      <button
                        type="button"
                      >
                        <svg
                          height="24"
                          viewBox="0 0 24 24"
                          width="24"
                        >
                          <path
                            d="M7.7125 6.2925L11.5925 10.1725L15.4725 6.2925C15.8625 5.9025 16.4925 5.9025 16.8825 6.2925C17.2725 6.6825 17.2725 7.3125 16.8825 7.7025L12.2925 12.2925C11.9025 12.6825 11.2725 12.6825 10.8825 12.2925L6.2925 7.7025C5.9025 7.3125 5.9025 6.6825 6.2925 6.2925C6.6825 5.9125 7.3225 5.9025 7.7125 6.2925Z"
                            fill="#828282"
                          />
                          <path
                            d="M7.7125 17.2925L11.5925 13.4125L15.4725 17.2925C15.8625 17.6825 16.4925 17.6825 16.8825 17.2925C17.2725 16.9025 17.2725 16.2725 16.8825 15.8825L12.2925 11.2925C11.9025 10.9025 11.2725 10.9025 10.8825 11.2925L6.2925 15.8825C5.9025 16.2725 5.9025 16.9025 6.2925 17.2925C6.6825 17.6725 7.3225 17.6825 7.7125 17.2925Z"
                            fill="#828282"
                          />
                        </svg>
                      </button>
                    </li>
                  </ul>
                </div>
              </li>
              <li
                class="sep"
              />
              <li
                class="category-select-all"
              >
                Category select here
              </li>
              <li>
                <div
                  class="sibyl-select sibyl-select--is-disabled css-14jk2my-container"
                >
                  <div
                    class="sibyl-select__control sibyl-select__control--is-disabled css-1fhf3k1-control"
                  >
                    <div
                      class="sibyl-select__value-container css-g1d714-ValueContainer"
                    >
                      <div
                        class="sibyl-select__placeholder css-1wa3eu0-placeholder"
                      >
                        Contribution
                      </div>
                      <input
                        aria-autocomplete="list"
                        class="css-62g3xt-dummyInput"
                        disabled=""
                        id="react-select-2-input"
                        readonly=""
                        tabindex="0"
                        value=""
                      />
                    </div>
                    <div
                      class="sibyl-select__indicators css-1hb7zxy-IndicatorsContainer"
                    >
                      <span
                        class="sibyl-select__indicator-separator css-109onse-indicatorSeparator"
                      />
                      <div
                        aria-hidden="true"
                        class="sibyl-select__indicator sibyl-select__dropdown-indicator css-tlfecz-indicatorContainer"
                      >
                        <svg
                          aria-hidden="true"
                          class="css-6q0nyr-Svg"
                          focusable="false"
                          height="20"
                          viewBox="0 0 20 20"
                          width="20"
                        >
                          <path
                            d="M4.516 7.548c0.436-0.446 1.043-0.481 1.576 0l3.908 3.747 3.908-3.747c0.533-0.481 1.141-0.446 1.574 0 0.436 0.445 0.408 1.197 0 1.615-0.406 0.418-4.695 4.502-4.695 4.502-0.217 0.223-0.502 0.335-0.787 0.335s-0.57-0.112-0.789-0.335c0 0-4.287-4.084-4.695-4.502s-0.436-1.17 0-1.615z"
                          />
                        </svg>
                      </div>
                    </div>
                  </div>
                </div>
              </li>
              <li
                class="expand-tip "
              >
                <span>
                  Click “Show All Factors“ to enable Search and Filter
                </span>
              </li>
            </ul>
          </header>
          <div
            class="sticky-wrapper scroll-style"
          >
            <table
              class="dash-table sticky-header"
            >
              <thead>
                <tr>
                  <th
                    class="align-center"
                    width="10%"
                  >
                    Category
                  </th>
                  <th>
                    Factor
                  </th>
                  <th
                    class="align-right"
                  >
                    Value
                  </th>
                  <th
                    class="align-center"
                    width="15%"
                  >
                    <ul
                      class="sort"
                    >
                      <li>
                        Contribution
                      </li>
                      <li>
                        <button
                          type="button"
                        >
                          <svg
                            height="18"
                            viewBox="0 0 10 18"
                            width="10"
                          >
                            <path
                              d="M4.99965 2.83021L7.45965 5.29021C7.84965 5.68021 8.47965 5.68021 8.86965 5.29021C9.25965 4.90021 9.25965 4.27022 8.86965 3.88021L5.69965 0.700215C5.30965 0.310215 4.67965 0.310215 4.28965 0.700215L1.11965 3.88021C0.729648 4.27022 0.729648 4.90021 1.11965 5.29021C1.50965 5.68021 2.13965 5.68021 2.52965 5.29021L4.99965 2.83021ZM4.99965 15.1702L2.53965 12.7102C2.14965 12.3202 1.51965 12.3202 1.12965 12.7102C0.739649 13.1002 0.739649 13.7302 1.12965 14.1202L4.29965 17.3002C4.68965 17.6902 5.31965 17.6902 5.70965 17.3002L8.87965 14.1302C9.26965 13.7402 9.26965 13.1102 8.87965 12.7202C8.48965 12.3302 7.85965 12.3302 7.46965 12.7202L4.99965 15.1702Z"
                              fill="#828282"
                            />
                          </svg>
                        </button>
                      </li>
                    </ul>
                  </th>
                </tr>
              </thead>
              <tbody>
                <tr>
                  <td
                    class="align-center"
                  >
                    <i
                      class="bullet"
                      style="background:#27ae60"
                    />
                    <span
                      class="feature-category-label"
                    />
                  </td>
                  <td>
                    NEGATED the child in focus had a child welfare placement in the last 730 days
                  </td>
                  <td
                    class="align-right"
                  >
                    -
                  </td>
                  <td
                    class="align-center"
                    width="145"
                  >
                    <ul
                      class="bidi-wrapper"
                    >
                      <li>
                        <svg
                          class="arrow undefined"
                          fill="none"
                          height="16"
                          viewBox="0 0 16 16"
                          width="16"
                        >
                          <path
                            d="M6.99997 1V12.17L2.11997 7.29C1.72997 6.9 1.08997 6.9 0.699971 7.29C0.309971 7.68 0.309971 8.31 0.699971 8.7L7.28997 15.29C7.67997 15.68 8.30997 15.68 8.69997 15.29L15.29 8.7C15.68 8.31 15.68 7.68 15.29 7.29C14.9 6.9 14.27 6.9 13.88 7.29L8.99997 12.17V1C8.99997 0.45 8.54997 0 7.99997 0C7.44997 0 6.99997 0.45 6.99997 1Z"
                            fill="#BDBDBD"
                          />
                        </svg>
                      </li>
                      <li>
                        <svg
                          class="bidi-progress-bar"
                          height="20"
                          width="110"
                        >
                          <defs>
                            <clipPath
                              id="focusClip"
                            >
                              <rect
                                height="10"
                                rx="5"
                                width="110"
                                y="5"
                              />
                            </clipPath>
                          </defs>
                          <rect
                            fill="rgba(189, 189, 189, 0.5)"
                            height="10"
                            rx="5"
                            width="110"
                            y="5"
                          />
                          <g
                            clip-path="url(#focusClip)"
                          >
                            <path
                              class="bar-positive"
                              d="M 55, 5
            h NaN
            a NaN, NaN 0 0 0 -NaN, NaN
            v NaN
            a NaN, NaN 0 0 0 NaN, NaN
            h NaN
            z"
                            />
                          </g>
                          <rect
                            class="separator"
                            fill="#BDBDBD"
                            height="20"
                            width="2"
                            x="55"
                          />
                        </svg>
                      </li>
                      <li>
                        <svg
                          class="arrow undefined"
                          fill="none"
                          height="16"
                          viewBox="0 0 16 16"
                          width="16"
                        >
                          <path
                            d="M6.99997 15V3.83L2.11997 8.71C1.72997 9.1 1.08997 9.1 0.699971 8.71C0.309971 8.32 0.309971 7.69 0.699971 7.3L7.28997 0.709999C7.67997 0.319999 8.30997 0.319999 8.69997 0.709999L15.29 7.3C15.68 7.69 15.68 8.32 15.29 8.71C14.9 9.1 14.27 9.1 13.88 8.71L8.99997 3.83V15C8.99997 15.55 8.54997 16 7.99997 16C7.44997 16 6.99997 15.55 6.99997 15Z"
                            fill="#BDBDBD"
                          />
                        </svg>
                      </li>
                    </ul>
                  </td>
                </tr>
                <tr>
                  <td
                    class="align-center"
                  >
                    <i
                      class="bullet"
                      style="background:#9e09b8"
                    />
                    <span
                      class="feature-category-label"
                    />
                  </td>
                  <td>
                    NEGATEDCount of other children in the referral (excl. child in focus) who received Colorado Works (CW) benefits in the 1 year prior to referral, excl. clients who are actively receiving the service.
                  </td>
                  <td
                    class="align-right"
                  >
                    -
                  </td>
                  <td
                    class="align-center"
                    width="145"
                  >
                    <ul
                      class="bidi-wrapper"
                    >
                      <li>
                        <svg
                          class="arrow undefined"
                          fill="none"
                          height="16"
                          viewBox="0 0 16 16"
                          width="16"
                        >
                          <path
                            d="M6.99997 1V12.17L2.11997 7.29C1.72997 6.9 1.08997 6.9 0.699971 7.29C0.309971 7.68 0.309971 8.31 0.699971 8.7L7.28997 15.29C7.67997 15.68 8.30997 15.68 8.69997 15.29L15.29 8.7C15.68 8.31 15.68 7.68 15.29 7.29C14.9 6.9 14.27 6.9 13.88 7.29L8.99997 12.17V1C8.99997 0.45 8.54997 0 7.99997 0C7.44997 0 6.99997 0.45 6.99997 1Z"
                            fill="#BDBDBD"
                          />
                        </svg>
                      </li>
                      <li>
                        <svg
                          class="bidi-progress-bar"
                          height="20"
                          width="110"
                        >
                          <defs>
                            <clipPath
                              id="focusClip"
                            >
                              <rect
                                height="10"
                                rx="5"
                                width="110"
                                y="5"
                              />
                            </clipPath>
                          </defs>
                          <rect
                            fill="rgba(189, 189, 189, 0.5)"
                            height="10"
                            rx="5"
                            width="110"
                            y="5"
                          />
                          <g
                            clip-path="url(#focusClip)"
                          >
                            <path
                              class="bar-positive"
                              d="M 55, 5
            h NaN
            a NaN, NaN 0 0 0 -NaN, NaN
            v NaN
            a NaN, NaN 0 0 0 NaN, NaN
            h NaN
            z"
                            />
                          </g>
                          <rect
                            class="separator"
                            fill="#BDBDBD"
                            height="20"
                            width="2"
                            x="55"
                          />
                        </svg>
                      </li>
                      <li>
                        <svg
                          class="arrow undefined"
                          fill="none"
                          height="16"
                          viewBox="0 0 16 16"
                          width="16"
                        >
                          <path
                            d="M6.99997 15V3.83L2.11997 8.71C1.72997 9.1 1.08997 9.1 0.699971 8.71C0.309971 8.32 0.309971 7.69 0.699971 7.3L7.28997 0.709999C7.67997 0.319999 8.30997 0.319999 8.69997 0.709999L15.29 7.3C15.68 7.69 15.68 8.32 15.29 8.71C14.9 9.1 14.27 9.1 13.88 8.71L8.99997 3.83V15C8.99997 15.55 8.54997 16 7.99997 16C7.44997 16 6.99997 15.55 6.99997 15Z"
                            fill="#BDBDBD"
                          />
                        </svg>
                      </li>
                    </ul>
                  </td>
                </tr>
                <tr>
                  <td
                    class="align-center"
                  >
                    <i
                      class="bullet"
                      style="background:#9e09b8"
                    />
                    <span
                      class="feature-category-label"
                    />
                  </td>
                  <td>
                    NEGATEDCount of other children in the referral (excl. child in focus) who received Colorado Works (CW) benefits in the 1 year prior to referral, excl. clients who are actively receiving the service.
                  </td>
                  <td
                    class="align-right"
                  >
                    -
                  </td>
                  <td
                    class="align-center"
                    width="145"
                  >
                    <ul
                      class="bidi-wrapper"
                    >
                      <li>
                        <svg
                          class="arrow undefined"
                          fill="none"
                          height="16"
                          viewBox="0 0 16 16"
                          width="16"
                        >
                          <path
                            d="M6.99997 1V12.17L2.11997 7.29C1.72997 6.9 1.08997 6.9 0.699971 7.29C0.309971 7.68 0.309971 8.31 0.699971 8.7L7.28997 15.29C7.67997 15.68 8.30997 15.68 8.69997 15.29L15.29 8.7C15.68 8.31 15.68 7.68 15.29 7.29C14.9 6.9 14.27 6.9 13.88 7.29L8.99997 12.17V1C8.99997 0.45 8.54997 0 7.99997 0C7.44997 0 6.99997 0.45 6.99997 1Z"
                            fill="#BDBDBD"
                          />
                        </svg>
                      </li>
                      <li>
                        <svg
                          class="bidi-progress-bar"
                          height="20"
                          width="110"
                        >
                          <defs>
                            <clipPath
                              id="focusClip"
                            >
                              <rect
                                height="10"
                                rx="5"
                                width="110"
                                y="5"
                              />
                            </clipPath>
                          </defs>
                          <rect
                            fill="rgba(189, 189, 189, 0.5)"
                            height="10"
                            rx="5"
                            width="110"
                            y="5"
                          />
                          <g
                            clip-path="url(#focusClip)"
                          >
                            <path
                              class="bar-positive"
                              d="M 55, 5
            h NaN
            a NaN, NaN 0 0 0 -NaN, NaN
            v NaN
            a NaN, NaN 0 0 0 NaN, NaN
            h NaN
            z"
                            />
                          </g>
                          <rect
                            class="separator"
                            fill="#BDBDBD"
                            height="20"
                            width="2"
                            x="55"
                          />
                        </svg>
                      </li>
                      <li>
                        <svg
                          class="arrow undefined"
                          fill="none"
                          height="16"
                          viewBox="0 0 16 16"
                          width="16"
                        >
                          <path
                            d="M6.99997 15V3.83L2.11997 8.71C1.72997 9.1 1.08997 9.1 0.699971 8.71C0.309971 8.32 0.309971 7.69 0.699971 7.3L7.28997 0.709999C7.67997 0.319999 8.30997 0.319999 8.69997 0.709999L15.29 7.3C15.68 7.69 15.68 8.32 15.29 8.71C14.9 9.1 14.27 9.1 13.88 8.71L8.99997 3.83V15C8.99997 15.55 8.54997 16 7.99997 16C7.44997 16 6.99997 15.55 6.99997 15Z"
                            fill="#BDBDBD"
                          />
                        </svg>
                      </li>
                    </ul>
                  </td>
                </tr>
              </tbody>
            </table>
          </div>
          <div
            class="dash-footer"
          >
            <p>
              Showing 
              <span>
                2
              </span>
               factors
            </p>
            <button
              class="MuiButtonBase-root MuiButton-root MuiButton-text expand-button"
              tabindex="0"
              type="button"
            >
              <span
                class="MuiButton-label"
              >
                <span
                  class="MuiButton-startIcon MuiButton-iconSizeMedium"
                >
                  <svg
                    fill="none"
                    height="8"
                    viewBox="0 0 12 8"
                    width="12"
                    xmlns="http://www.w3.org/2000/svg"
                  >
                    <path
                      d="M2.11997 1.28957L5.99997 5.16957L9.87997 1.28957C10.27 0.89957 10.9 0.89957 11.29 1.28957C11.68 1.67957 11.68 2.30957 11.29 2.69957L6.69997 7.28957C6.30997 7.67957 5.67997 7.67957 5.28997 7.28957L0.699971 2.69957C0.309971 2.30957 0.309971 1.67957 0.699971 1.28957C1.08997 0.90957 1.72997 0.89957 2.11997 1.28957Z"
                      fill="white"
                    />
                  </svg>
                </span>
                 SHOW ALL FACTORS
              </span>
            </button>
          </div>
        </div>
      </div>
    </div>
  </div>
</div>
`;
